{
  "version": "1.5.0",
  "plugins_used": [
    {
      "name": "ArtifactoryDetector"
    },
    {
      "name": "AWSKeyDetector"
    },
    {
      "name": "AzureStorageKeyDetector"
    },
    {
      "name": "Base64HighEntropyString",
      "limit": 4.5
    },
    {
      "name": "BasicAuthDetector"
    },
    {
      "name": "CloudantDetector"
    },
    {
      "name": "DiscordBotTokenDetector"
    },
    {
      "name": "GitHubTokenDetector"
    },
    {
      "name": "GitLabTokenDetector"
    },
    {
      "name": "HexHighEntropyString",
      "limit": 3.0
    },
    {
      "name": "IbmCloudIamDetector"
    },
    {
      "name": "IbmCosHmacDetector"
    },
    {
      "name": "IPPublicDetector"
    },
    {
      "name": "JwtTokenDetector"
    },
    {
      "name": "KeywordDetector",
      "keyword_exclude": ""
    },
    {
      "name": "MailchimpDetector"
    },
    {
      "name": "NpmDetector"
    },
    {
      "name": "OpenAIDetector"
    },
    {
      "name": "PrivateKeyDetector"
    },
    {
      "name": "PypiTokenDetector"
    },
    {
      "name": "SendGridDetector"
    },
    {
      "name": "SlackDetector"
    },
    {
      "name": "SoftlayerDetector"
    },
    {
      "name": "SquareOAuthDetector"
    },
    {
      "name": "StripeDetector"
    },
    {
      "name": "TelegramBotTokenDetector"
    },
    {
      "name": "TwilioKeyDetector"
    }
  ],
  "filters_used": [
    {
      "path": "detect_secrets.filters.allowlist.is_line_allowlisted"
    },
    {
      "path": "detect_secrets.filters.common.is_baseline_file",
      "filename": ".secrets.baseline"
    },
    {
      "path": "detect_secrets.filters.common.is_ignored_due_to_verification_policies",
      "min_level": 2
    },
    {
      "path": "detect_secrets.filters.heuristic.is_indirect_reference"
    },
    {
      "path": "detect_secrets.filters.heuristic.is_likely_id_string"
    },
    {
      "path": "detect_secrets.filters.heuristic.is_lock_file"
    },
    {
      "path": "detect_secrets.filters.heuristic.is_not_alphanumeric_string"
    },
    {
      "path": "detect_secrets.filters.heuristic.is_potential_uuid"
    },
    {
      "path": "detect_secrets.filters.heuristic.is_prefixed_with_dollar_sign"
    },
    {
      "path": "detect_secrets.filters.heuristic.is_sequential_string"
    },
    {
      "path": "detect_secrets.filters.heuristic.is_swagger_file"
    },
    {
      "path": "detect_secrets.filters.heuristic.is_templated_secret"
    },
    {
      "path": "detect_secrets.filters.regex.should_exclude_file",
      "pattern": [
        "tests/",
        "examples/"
      ]
    }
  ],
  "results": {
    ".github/workflows/ci.yml": [
      {
        "type": "Secret Keyword",
        "filename": ".github/workflows/ci.yml",
        "hashed_secret": "f1e9691e883aed3950da35258ca09ef4770a2137",
        "is_verified": false,
        "line_number": 107
      },
      {
        "type": "Basic Auth Credentials",
        "filename": ".github/workflows/ci.yml",
        "hashed_secret": "f1e9691e883aed3950da35258ca09ef4770a2137",
        "is_verified": false,
        "line_number": 137
      }
    ],
    "benches/permission_bench.rs": [
      {
        "type": "Basic Auth Credentials",
        "filename": "benches/permission_bench.rs",
        "hashed_secret": "9d4e1e23bd5b727046a9e3b4b7db57bd8d6ee684",
        "is_verified": false,
        "line_number": 60
      }
    ],
    "docs/USER_GUIDE.md": [
      {
        "type": "Basic Auth Credentials",
        "filename": "docs/USER_GUIDE.md",
        "hashed_secret": "5baa61e4c9b93f3f0682250b6cf8331b7ee68fd8",
        "is_verified": false,
        "line_number": 123
      },
      {
        "type": "Secret Keyword",
        "filename": "docs/USER_GUIDE.md",
        "hashed_secret": "10aa4702c85d527b3ddd24c0b5af64eb7df6d507",
        "is_verified": false,
        "line_number": 738
      }
    ],
    "scripts/pre-commit-check.sh": [
      {
        "type": "Private Key",
        "filename": "scripts/pre-commit-check.sh",
        "hashed_secret": "be4fc4886bd949b369d5e092eb87494f12e57e5b",
        "is_verified": false,
        "line_number": 479
      },
      {
        "type": "Private Key",
        "filename": "scripts/pre-commit-check.sh",
        "hashed_secret": "daefe0b4345a654580dcad25c7c11ff4c944a8c0",
        "is_verified": false,
        "line_number": 480
      },
      {
        "type": "Private Key",
        "filename": "scripts/pre-commit-check.sh",
        "hashed_secret": "f0778f3e140a61d5bbbed5430773e52af2f5fba4",
        "is_verified": false,
        "line_number": 481
      },
      {
        "type": "Private Key",
        "filename": "scripts/pre-commit-check.sh",
        "hashed_secret": "27c6929aef41ae2bcadac15ca6abcaff72cda9cd",
        "is_verified": false,
        "line_number": 482
      },
      {
        "type": "Private Key",
        "filename": "scripts/pre-commit-check.sh",
        "hashed_secret": "4ada9713ec27066b2ffe0b7bd9c9c8d635dc4ab2",
        "is_verified": false,
        "line_number": 483
      }
    ],
    "scripts/test-databases.sh": [
      {
        "type": "Basic Auth Credentials",
        "filename": "scripts/test-databases.sh",
        "hashed_secret": "f1e9691e883aed3950da35258ca09ef4770a2137",
        "is_verified": false,
        "line_number": 48
      }
    ],
    "src/access/authentication/auth_impl.rs": [
      {
        "type": "Secret Keyword",
        "filename": "src/access/authentication/auth_impl.rs",
        "hashed_secret": "f5b7e0936ee01e9c3e23f5ba6701d5794a0654fe",
        "is_verified": false,
        "line_number": 353
      },
      {
        "type": "Secret Keyword",
        "filename": "src/access/authentication/auth_impl.rs",
        "hashed_secret": "8867c88b56e0bfb82cffaf15a66bc8d107d6754a",
        "is_verified": false,
        "line_number": 392
      },
      {
        "type": "Secret Keyword",
        "filename": "src/access/authentication/auth_impl.rs",
        "hashed_secret": "c45403d086d5d78bdcfbfedea4bb52cacc947b85",
        "is_verified": false,
        "line_number": 419
      }
    ],
    "src/access/authentication/models.rs": [
      {
        "type": "Secret Keyword",
        "filename": "src/access/authentication/models.rs",
        "hashed_secret": "2346ad27d7568ba9896f1b7da6b5991251debdf2",
        "is_verified": false,
        "line_number": 154
      }
    ],
    "src/access/authentication/password.rs": [
      {
        "type": "Secret Keyword",
        "filename": "src/access/authentication/password.rs",
        "hashed_secret": "2d885f0c978dfbfcf0bb415a17438808859c8694",
        "is_verified": false,
        "line_number": 549
      },
      {
        "type": "Secret Keyword",
        "filename": "src/access/authentication/password.rs",
        "hashed_secret": "582667d24e1feb695b5d04a532c74eaf04bb8f1c",
        "is_verified": false,
        "line_number": 599
      },
      {
        "type": "Secret Keyword",
        "filename": "src/access/authentication/password.rs",
        "hashed_secret": "ff927e5d63c290474bacf9c9334e61bfff5505fa",
        "is_verified": false,
        "line_number": 632
      },
      {
        "type": "Secret Keyword",
        "filename": "src/access/authentication/password.rs",
        "hashed_secret": "4fa1279e7ec20113e3323fe8cb26fd2ed2956be5",
        "is_verified": false,
        "line_number": 657
      }
    ],
    "src/access/permission_audit_chain.rs": [
      {
        "type": "Hex High Entropy String",
        "filename": "src/access/permission_audit_chain.rs",
        "hashed_secret": "c7f8d71f7d86dcc16affd1dcce7a9c843c91717b",
        "is_verified": false,
        "line_number": 278
      },
      {
        "type": "Hex High Entropy String",
        "filename": "src/access/permission_audit_chain.rs",
        "hashed_secret": "2f99d6cb4ea8a838b633f0e44dc264423e8a5501",
        "is_verified": false,
        "line_number": 285
      },
      {
        "type": "Hex High Entropy String",
        "filename": "src/access/permission_audit_chain.rs",
        "hashed_secret": "6c980f6593cccf8fdb0f7533448646ab78df01d1",
        "is_verified": false,
        "line_number": 294
      }
    ],
    "src/database/graph/neo4j_conn.rs": [
      {
        "type": "Basic Auth Credentials",
        "filename": "src/database/graph/neo4j_conn.rs",
        "hashed_secret": "5baa61e4c9b93f3f0682250b6cf8331b7ee68fd8",
        "is_verified": false,
        "line_number": 82
      }
    ],
    "src/domain/audit/audit_impl.rs": [
      {
        "type": "Secret Keyword",
        "filename": "src/domain/audit/audit_impl.rs",
        "hashed_secret": "8090fd368c8382fd4b216c5baa04c99769dfcc49",
        "is_verified": false,
        "line_number": 1215
      }
    ],
    "src/domain/audit/mod.rs": [
      {
        "type": "Secret Keyword",
        "filename": "src/domain/audit/mod.rs",
        "hashed_secret": "f2b14f68eb995facb3a1c35287b778d5bd785511",
        "is_verified": false,
        "line_number": 448
      },
      {
        "type": "Secret Keyword",
        "filename": "src/domain/audit/mod.rs",
        "hashed_secret": "3b96880b8e11758bbf9796b9cd90aaa3ab4bab6e",
        "is_verified": false,
        "line_number": 656
      },
      {
        "type": "Secret Keyword",
        "filename": "src/domain/audit/mod.rs",
        "hashed_secret": "f0578f1e7174b1a41c4ea8c6e17f7a8a3b88c92a",
        "is_verified": false,
        "line_number": 684
      },
      {
        "type": "Secret Keyword",
        "filename": "src/domain/audit/mod.rs",
        "hashed_secret": "8be52126a6fde450a7162a3651d589bb51e9579d",
        "is_verified": false,
        "line_number": 685
      },
      {
        "type": "Secret Keyword",
        "filename": "src/domain/audit/mod.rs",
        "hashed_secret": "c538c170bdc6b0f3bb98dce44a016a2e2d45a6e7",
        "is_verified": false,
        "line_number": 732
      },
      {
        "type": "Secret Keyword",
        "filename": "src/domain/audit/mod.rs",
        "hashed_secret": "b746d79201944bf54f6a239c59d0b4a71be42873",
        "is_verified": false,
        "line_number": 733
      },
      {
        "type": "Secret Keyword",
        "filename": "src/domain/audit/mod.rs",
        "hashed_secret": "1073ab6cda4b991cd29f9e83a307f34004ae9327",
        "is_verified": false,
        "line_number": 734
      },
      {
        "type": "Secret Keyword",
        "filename": "src/domain/audit/mod.rs",
        "hashed_secret": "87ba78e0f03afcef60657f342ec5567368fadd8c",
        "is_verified": false,
        "line_number": 735
      },
      {
        "type": "Secret Keyword",
        "filename": "src/domain/audit/mod.rs",
        "hashed_secret": "d97c908ed44c25fdca302612c70584c8d5acd47a",
        "is_verified": false,
        "line_number": 736
      },
      {
        "type": "Secret Keyword",
        "filename": "src/domain/audit/mod.rs",
        "hashed_secret": "a5bf77564f0035d75ad47a97eae50d5f60aee5be",
        "is_verified": false,
        "line_number": 756
      },
      {
        "type": "Secret Keyword",
        "filename": "src/domain/audit/mod.rs",
        "hashed_secret": "516713fc33c8c8b529d98afa9d9a3aeff3b2a010",
        "is_verified": false,
        "line_number": 778
      },
      {
        "type": "Secret Keyword",
        "filename": "src/domain/audit/mod.rs",
        "hashed_secret": "478274e7b5bddd2557bdb8e509595598928731f9",
        "is_verified": false,
        "line_number": 786
      }
    ]
  },
  "generated_at": "2026-09-20T18:43:47Z"
}
