{
  "version": "1.5.0",
  "plugins_used": [
    {
      "name": "ArtifactoryDetector"
    },
    {
      "name": "AWSKeyDetector"
    },
    {
      "name": "AzureStorageKeyDetector"
    },
    {
      "name": "Base64HighEntropyString",
      "limit": 4.5
    },
    {
      "name": "BasicAuthDetector"
    },
    {
      "name": "CloudantDetector"
    },
    {
      "name": "DiscordBotTokenDetector"
    },
    {
      "name": "GitHubTokenDetector"
    },
    {
      "name": "GitLabTokenDetector"
    },
    {
      "name": "HexHighEntropyString",
      "limit": 3.0
    },
    {
      "name": "IbmCloudIamDetector"
    },
    {
      "name": "IbmCosHmacDetector"
    },
    {
      "name": "IPPublicDetector"
    },
    {
      "name": "JwtTokenDetector"
    },
    {
      "name": "KeywordDetector",
      "keyword_exclude": ""
    },
    {
      "name": "MailchimpDetector"
    },
    {
      "name": "NpmDetector"
    },
    {
      "name": "OpenAIDetector"
    },
    {
      "name": "PrivateKeyDetector"
    },
    {
      "name": "PypiTokenDetector"
    },
    {
      "name": "SendGridDetector"
    },
    {
      "name": "SlackDetector"
    },
    {
      "name": "SoftlayerDetector"
    },
    {
      "name": "SquareOAuthDetector"
    },
    {
      "name": "StripeDetector"
    },
    {
      "name": "TelegramBotTokenDetector"
    },
    {
      "name": "TwilioKeyDetector"
    }
  ],
  "filters_used": [
    {
      "path": "detect_secrets.filters.allowlist.is_line_allowlisted"
    },
    {
      "path": "detect_secrets.filters.common.is_baseline_file",
      "filename": ".secrets.baseline"
    },
    {
      "path": "detect_secrets.filters.common.is_ignored_due_to_verification_policies",
      "min_level": 2
    },
    {
      "path": "detect_secrets.filters.heuristic.is_indirect_reference"
    },
    {
      "path": "detect_secrets.filters.heuristic.is_likely_id_string"
    },
    {
      "path": "detect_secrets.filters.heuristic.is_lock_file"
    },
    {
      "path": "detect_secrets.filters.heuristic.is_not_alphanumeric_string"
    },
    {
      "path": "detect_secrets.filters.heuristic.is_potential_uuid"
    },
    {
      "path": "detect_secrets.filters.heuristic.is_prefixed_with_dollar_sign"
    },
    {
      "path": "detect_secrets.filters.heuristic.is_sequential_string"
    },
    {
      "path": "detect_secrets.filters.heuristic.is_swagger_file"
    },
    {
      "path": "detect_secrets.filters.heuristic.is_templated_secret"
    },
    {
      "path": "detect_secrets.filters.regex.should_exclude_file",
      "pattern": [
        "target/.*"
      ]
    }
  ],
  "results": {
    ".github/workflows/ci.yml": [
      {
        "type": "Secret Keyword",
        "filename": ".github/workflows/ci.yml",
        "hashed_secret": "f1e9691e883aed3950da35258ca09ef4770a2137",
        "is_verified": false,
        "line_number": 111
      },
      {
        "type": "Basic Auth Credentials",
        "filename": ".github/workflows/ci.yml",
        "hashed_secret": "f1e9691e883aed3950da35258ca09ef4770a2137",
        "is_verified": false,
        "line_number": 147
      }
    ],
    "README.md": [
      {
        "type": "Basic Auth Credentials",
        "filename": "README.md",
        "hashed_secret": "9d4e1e23bd5b727046a9e3b4b7db57bd8d6ee684",
        "is_verified": false,
        "line_number": 436
      }
    ],
    "README_EN.md": [
      {
        "type": "Basic Auth Credentials",
        "filename": "README_EN.md",
        "hashed_secret": "9d4e1e23bd5b727046a9e3b4b7db57bd8d6ee684",
        "is_verified": false,
        "line_number": 488
      }
    ],
    "benches/permission_bench.rs": [
      {
        "type": "Basic Auth Credentials",
        "filename": "benches/permission_bench.rs",
        "hashed_secret": "9d4e1e23bd5b727046a9e3b4b7db57bd8d6ee684",
        "is_verified": false,
        "line_number": 60
      }
    ],
    "docs/USER_GUIDE.md": [
      {
        "type": "Basic Auth Credentials",
        "filename": "docs/USER_GUIDE.md",
        "hashed_secret": "5baa61e4c9b93f3f0682250b6cf8331b7ee68fd8",
        "is_verified": false,
        "line_number": 124
      },
      {
        "type": "Secret Keyword",
        "filename": "docs/USER_GUIDE.md",
        "hashed_secret": "cbfdac6008f9cab4083784cbd1874f76618d2a97",
        "is_verified": false,
        "line_number": 937
      }
    ],
    "examples/src/auth/audit_logging.rs": [
      {
        "type": "Secret Keyword",
        "filename": "examples/src/auth/audit_logging.rs",
        "hashed_secret": "57b2ad99044d337197c0c39fd3823568ff81e48a",
        "is_verified": false,
        "line_number": 273
      }
    ],
    "examples/src/auth/authentication_password.rs": [
      {
        "type": "Secret Keyword",
        "filename": "examples/src/auth/authentication_password.rs",
        "hashed_secret": "a9936c9bceb1eae9542390131164dc38aacdbe61",
        "is_verified": false,
        "line_number": 31
      },
      {
        "type": "Secret Keyword",
        "filename": "examples/src/auth/authentication_password.rs",
        "hashed_secret": "42648dcea7f684ac851846dee6287576dd34d486",
        "is_verified": false,
        "line_number": 112
      },
      {
        "type": "Secret Keyword",
        "filename": "examples/src/auth/authentication_password.rs",
        "hashed_secret": "aa0605500e8213de18f419529e56710137dad0d8",
        "is_verified": false,
        "line_number": 136
      },
      {
        "type": "Secret Keyword",
        "filename": "examples/src/auth/authentication_password.rs",
        "hashed_secret": "084efde89eb8d3cfab771e4bc22f0d2fde333012",
        "is_verified": false,
        "line_number": 146
      }
    ],
    "examples/src/database/database_mysql.rs": [
      {
        "type": "Basic Auth Credentials",
        "filename": "examples/src/database/database_mysql.rs",
        "hashed_secret": "5baa61e4c9b93f3f0682250b6cf8331b7ee68fd8",
        "is_verified": false,
        "line_number": 40
      },
      {
        "type": "Basic Auth Credentials",
        "filename": "examples/src/database/database_mysql.rs",
        "hashed_secret": "dc76e9f0c0006e8f919e0c515c66dbba3982f785",
        "is_verified": false,
        "line_number": 42
      },
      {
        "type": "Basic Auth Credentials",
        "filename": "examples/src/database/database_mysql.rs",
        "hashed_secret": "9d4e1e23bd5b727046a9e3b4b7db57bd8d6ee684",
        "is_verified": false,
        "line_number": 128
      }
    ],
    "examples/src/database/database_postgres.rs": [
      {
        "type": "Basic Auth Credentials",
        "filename": "examples/src/database/database_postgres.rs",
        "hashed_secret": "5baa61e4c9b93f3f0682250b6cf8331b7ee68fd8",
        "is_verified": false,
        "line_number": 41
      },
      {
        "type": "Basic Auth Credentials",
        "filename": "examples/src/database/database_postgres.rs",
        "hashed_secret": "afc848c316af1a89d49826c5ae9d00ed769415f3",
        "is_verified": false,
        "line_number": 44
      },
      {
        "type": "Basic Auth Credentials",
        "filename": "examples/src/database/database_postgres.rs",
        "hashed_secret": "9d4e1e23bd5b727046a9e3b4b7db57bd8d6ee684",
        "is_verified": false,
        "line_number": 133
      }
    ],
    "scripts/pre-commit-check.sh": [
      {
        "type": "Private Key",
        "filename": "scripts/pre-commit-check.sh",
        "hashed_secret": "be4fc4886bd949b369d5e092eb87494f12e57e5b",
        "is_verified": false,
        "line_number": 479
      },
      {
        "type": "Private Key",
        "filename": "scripts/pre-commit-check.sh",
        "hashed_secret": "daefe0b4345a654580dcad25c7c11ff4c944a8c0",
        "is_verified": false,
        "line_number": 480
      },
      {
        "type": "Private Key",
        "filename": "scripts/pre-commit-check.sh",
        "hashed_secret": "f0778f3e140a61d5bbbed5430773e52af2f5fba4",
        "is_verified": false,
        "line_number": 481
      },
      {
        "type": "Private Key",
        "filename": "scripts/pre-commit-check.sh",
        "hashed_secret": "27c6929aef41ae2bcadac15ca6abcaff72cda9cd",
        "is_verified": false,
        "line_number": 482
      },
      {
        "type": "Private Key",
        "filename": "scripts/pre-commit-check.sh",
        "hashed_secret": "4ada9713ec27066b2ffe0b7bd9c9c8d635dc4ab2",
        "is_verified": false,
        "line_number": 483
      }
    ],
    "scripts/test-databases.sh": [
      {
        "type": "Basic Auth Credentials",
        "filename": "scripts/test-databases.sh",
        "hashed_secret": "f1e9691e883aed3950da35258ca09ef4770a2137",
        "is_verified": false,
        "line_number": 48
      }
    ],
    "src/access/authentication/auth_impl.rs": [
      {
        "type": "Secret Keyword",
        "filename": "src/access/authentication/auth_impl.rs",
        "hashed_secret": "f5b7e0936ee01e9c3e23f5ba6701d5794a0654fe",
        "is_verified": false,
        "line_number": 318
      },
      {
        "type": "Secret Keyword",
        "filename": "src/access/authentication/auth_impl.rs",
        "hashed_secret": "8867c88b56e0bfb82cffaf15a66bc8d107d6754a",
        "is_verified": false,
        "line_number": 355
      },
      {
        "type": "Secret Keyword",
        "filename": "src/access/authentication/auth_impl.rs",
        "hashed_secret": "c45403d086d5d78bdcfbfedea4bb52cacc947b85",
        "is_verified": false,
        "line_number": 381
      }
    ],
    "src/access/authentication/models.rs": [
      {
        "type": "Secret Keyword",
        "filename": "src/access/authentication/models.rs",
        "hashed_secret": "2346ad27d7568ba9896f1b7da6b5991251debdf2",
        "is_verified": false,
        "line_number": 154
      }
    ],
    "src/access/authentication/password.rs": [
      {
        "type": "Secret Keyword",
        "filename": "src/access/authentication/password.rs",
        "hashed_secret": "2d885f0c978dfbfcf0bb415a17438808859c8694",
        "is_verified": false,
        "line_number": 543
      },
      {
        "type": "Secret Keyword",
        "filename": "src/access/authentication/password.rs",
        "hashed_secret": "582667d24e1feb695b5d04a532c74eaf04bb8f1c",
        "is_verified": false,
        "line_number": 591
      },
      {
        "type": "Secret Keyword",
        "filename": "src/access/authentication/password.rs",
        "hashed_secret": "ff927e5d63c290474bacf9c9334e61bfff5505fa",
        "is_verified": false,
        "line_number": 624
      },
      {
        "type": "Secret Keyword",
        "filename": "src/access/authentication/password.rs",
        "hashed_secret": "4fa1279e7ec20113e3323fe8cb26fd2ed2956be5",
        "is_verified": false,
        "line_number": 649
      }
    ],
    "src/database/graph/neo4j_conn.rs": [
      {
        "type": "Basic Auth Credentials",
        "filename": "src/database/graph/neo4j_conn.rs",
        "hashed_secret": "5baa61e4c9b93f3f0682250b6cf8331b7ee68fd8",
        "is_verified": false,
        "line_number": 82
      }
    ],
    "src/domain/audit/mod.rs": [
      {
        "type": "Secret Keyword",
        "filename": "src/domain/audit/mod.rs",
        "hashed_secret": "f2b14f68eb995facb3a1c35287b778d5bd785511",
        "is_verified": false,
        "line_number": 610
      },
      {
        "type": "Secret Keyword",
        "filename": "src/domain/audit/mod.rs",
        "hashed_secret": "3b96880b8e11758bbf9796b9cd90aaa3ab4bab6e",
        "is_verified": false,
        "line_number": 613
      },
      {
        "type": "Secret Keyword",
        "filename": "src/domain/audit/mod.rs",
        "hashed_secret": "f0578f1e7174b1a41c4ea8c6e17f7a8a3b88c92a",
        "is_verified": false,
        "line_number": 641
      },
      {
        "type": "Secret Keyword",
        "filename": "src/domain/audit/mod.rs",
        "hashed_secret": "8be52126a6fde450a7162a3651d589bb51e9579d",
        "is_verified": false,
        "line_number": 642
      },
      {
        "type": "Secret Keyword",
        "filename": "src/domain/audit/mod.rs",
        "hashed_secret": "c538c170bdc6b0f3bb98dce44a016a2e2d45a6e7",
        "is_verified": false,
        "line_number": 689
      },
      {
        "type": "Secret Keyword",
        "filename": "src/domain/audit/mod.rs",
        "hashed_secret": "b746d79201944bf54f6a239c59d0b4a71be42873",
        "is_verified": false,
        "line_number": 690
      },
      {
        "type": "Secret Keyword",
        "filename": "src/domain/audit/mod.rs",
        "hashed_secret": "1073ab6cda4b991cd29f9e83a307f34004ae9327",
        "is_verified": false,
        "line_number": 691
      },
      {
        "type": "Secret Keyword",
        "filename": "src/domain/audit/mod.rs",
        "hashed_secret": "87ba78e0f03afcef60657f342ec5567368fadd8c",
        "is_verified": false,
        "line_number": 692
      },
      {
        "type": "Secret Keyword",
        "filename": "src/domain/audit/mod.rs",
        "hashed_secret": "d97c908ed44c25fdca302612c70584c8d5acd47a",
        "is_verified": false,
        "line_number": 693
      },
      {
        "type": "Secret Keyword",
        "filename": "src/domain/audit/mod.rs",
        "hashed_secret": "a5bf77564f0035d75ad47a97eae50d5f60aee5be",
        "is_verified": false,
        "line_number": 713
      },
      {
        "type": "Secret Keyword",
        "filename": "src/domain/audit/mod.rs",
        "hashed_secret": "516713fc33c8c8b529d98afa9d9a3aeff3b2a010",
        "is_verified": false,
        "line_number": 735
      },
      {
        "type": "Secret Keyword",
        "filename": "src/domain/audit/mod.rs",
        "hashed_secret": "478274e7b5bddd2557bdb8e509595598928731f9",
        "is_verified": false,
        "line_number": 743
      }
    ],
    "tests/audit/unit/audit_unit_tests.rs": [
      {
        "type": "Secret Keyword",
        "filename": "tests/audit/unit/audit_unit_tests.rs",
        "hashed_secret": "f2b14f68eb995facb3a1c35287b778d5bd785511",
        "is_verified": false,
        "line_number": 126
      },
      {
        "type": "Secret Keyword",
        "filename": "tests/audit/unit/audit_unit_tests.rs",
        "hashed_secret": "e48c47f1431afd3bb030deea266b4309e2228c5b",
        "is_verified": false,
        "line_number": 197
      },
      {
        "type": "Secret Keyword",
        "filename": "tests/audit/unit/audit_unit_tests.rs",
        "hashed_secret": "e5e9fa1ba31ecd1ae84f75caaa474f3a663f05f4",
        "is_verified": false,
        "line_number": 223
      },
      {
        "type": "Secret Keyword",
        "filename": "tests/audit/unit/audit_unit_tests.rs",
        "hashed_secret": "f0578f1e7174b1a41c4ea8c6e17f7a8a3b88c92a",
        "is_verified": false,
        "line_number": 703
      }
    ],
    "tests/benchmarks/mod.rs": [
      {
        "type": "Basic Auth Credentials",
        "filename": "tests/benchmarks/mod.rs",
        "hashed_secret": "9d4e1e23bd5b727046a9e3b4b7db57bd8d6ee684",
        "is_verified": false,
        "line_number": 31
      },
      {
        "type": "Basic Auth Credentials",
        "filename": "tests/benchmarks/mod.rs",
        "hashed_secret": "cbfdac6008f9cab4083784cbd1874f76618d2a97",
        "is_verified": false,
        "line_number": 147
      }
    ],
    "tests/common/docker_test_utils.rs": [
      {
        "type": "Basic Auth Credentials",
        "filename": "tests/common/docker_test_utils.rs",
        "hashed_secret": "a94a8fe5ccb19ba61c4c0873d391e987982fbbd3",
        "is_verified": false,
        "line_number": 37
      }
    ],
    "tests/core/integration/config_integration.rs": [
      {
        "type": "Basic Auth Credentials",
        "filename": "tests/core/integration/config_integration.rs",
        "hashed_secret": "5baa61e4c9b93f3f0682250b6cf8331b7ee68fd8",
        "is_verified": false,
        "line_number": 327
      }
    ],
    "tests/core/integration/dbnexus_integration.rs": [
      {
        "type": "Basic Auth Credentials",
        "filename": "tests/core/integration/dbnexus_integration.rs",
        "hashed_secret": "2394a9661a9089208c1c9c65ccac85a91da6a859",
        "is_verified": false,
        "line_number": 935
      }
    ],
    "tests/core/unit/common_types_tests.rs": [
      {
        "type": "Basic Auth Credentials",
        "filename": "tests/core/unit/common_types_tests.rs",
        "hashed_secret": "9d4e1e23bd5b727046a9e3b4b7db57bd8d6ee684",
        "is_verified": false,
        "line_number": 117
      },
      {
        "type": "Basic Auth Credentials",
        "filename": "tests/core/unit/common_types_tests.rs",
        "hashed_secret": "e5e9fa1ba31ecd1ae84f75caaa474f3a663f05f4",
        "is_verified": false,
        "line_number": 125
      }
    ],
    "tests/core/unit/config_unit_tests.rs": [
      {
        "type": "Basic Auth Credentials",
        "filename": "tests/core/unit/config_unit_tests.rs",
        "hashed_secret": "9d4e1e23bd5b727046a9e3b4b7db57bd8d6ee684",
        "is_verified": false,
        "line_number": 77
      }
    ],
    "tests/core/unit/edge_cases.rs": [
      {
        "type": "Basic Auth Credentials",
        "filename": "tests/core/unit/edge_cases.rs",
        "hashed_secret": "9d4e1e23bd5b727046a9e3b4b7db57bd8d6ee684",
        "is_verified": false,
        "line_number": 117
      }
    ],
    "tests/cross_cutting/benchmarks/bench.rs": [
      {
        "type": "Basic Auth Credentials",
        "filename": "tests/cross_cutting/benchmarks/bench.rs",
        "hashed_secret": "9d4e1e23bd5b727046a9e3b4b7db57bd8d6ee684",
        "is_verified": false,
        "line_number": 116
      }
    ],
    "tests/mysql_testcontainers.rs": [
      {
        "type": "Basic Auth Credentials",
        "filename": "tests/mysql_testcontainers.rs",
        "hashed_secret": "c0b6b3a5e8b9ee3a7283b9ad73fbf8737cd6d956",
        "is_verified": false,
        "line_number": 43
      }
    ],
    "tests/pool/unit/pool_unit_tests.rs": [
      {
        "type": "Basic Auth Credentials",
        "filename": "tests/pool/unit/pool_unit_tests.rs",
        "hashed_secret": "2394a9661a9089208c1c9c65ccac85a91da6a859",
        "is_verified": false,
        "line_number": 971
      }
    ],
    "tests/postgres_testcontainers.rs": [
      {
        "type": "Basic Auth Credentials",
        "filename": "tests/postgres_testcontainers.rs",
        "hashed_secret": "c0b6b3a5e8b9ee3a7283b9ad73fbf8737cd6d956",
        "is_verified": false,
        "line_number": 44
      }
    ]
  },
  "generated_at": "2026-08-04T10:47:51Z"
}
